// Bun Snapshot v1, https://goo.gl/fbAQLP

exports[`part2 1`] = `
"####...##.#..#.###..#..#..##..###..#....#...#..##.
...#....#.#..#.#..#.#.#..#..#.#..#.#....#...#...#.
..#.....#.####.#..#.##...#....#..#.#.....#.#....#.
.#......#.#..#.###..#.#..#....###..#......#.....#.
#....#..#.#..#.#.#..#.#..#..#.#....#......#..#..#.
####..##..#..#.#..#.#..#..##..#....####...#...##.."
`;
